// Vitest Snapshot v1, https://vitest.dev/guide/snapshot.html

exports[`filter with OR,AND,NOT > should Complex Test 1 1`] = `3`;

exports[`filter with OR,AND,NOT > should Complex Test 2 1`] = `3`;

exports[`filter with OR,AND,NOT > should Complex Test 3 1`] = `0`;

exports[`filter with OR,AND,NOT > should Complex Test 4 1`] = `41`;

exports[`filter with OR,AND,NOT > should Complex Test 5 1`] = `2`;

exports[`filter with OR,AND,NOT > should Complex Test 6 1`] = `2`;

exports[`filter with OR,AND,NOT > should Complex Test 7 1`] = `3`;

exports[`filter with OR,AND,NOT > should Complex Test 8 1`] = `2`;

exports[`filter with OR,AND,NOT > should Complex Test 9 1`] = `6`;

exports[`filter with OR,AND,NOT > should Complex Test 10 1`] = `1`;

exports[`filter with OR,AND,NOT > should Multi Test 1 (AND) 1`] = `2`;

exports[`filter with OR,AND,NOT > should Multi Test 2 (OR) 1`] = `3`;

exports[`filter with OR,AND,NOT > should Multi Test 3 (NOT) 1`] = `56`;

exports[`filter with OR,AND,NOT > should Multi Test 4 (Grouping) 1`] = `45`;

exports[`filter with OR,AND,NOT > should Multi Test 5 (Negation) 1`] = `98`;

exports[`filter with OR,AND,NOT > should Multi Test 6 (AND, OR) 1`] = `47`;

exports[`filter with OR,AND,NOT > should Multi Test 7 (NOT, Grouping) 1`] = `53`;

exports[`filter with OR,AND,NOT > should Multi Test 8 (Negation, Grouping) 1`] = `54`;

exports[`filter with OR,AND,NOT > should Multi Test 9 (AND, Negation) 1`] = `45`;

exports[`filter with OR,AND,NOT > should Multi Test 10 (OR, Negation) 1`] = `99`;

exports[`filter with OR,AND,NOT > should Nested Test 1 1`] = `2`;

exports[`filter with OR,AND,NOT > should Nested Test 2 1`] = `3`;

exports[`filter with OR,AND,NOT > should Nested Test 3 1`] = `97`;

exports[`filter with OR,AND,NOT > should Nested Test 4 1`] = `45`;

exports[`filter with OR,AND,NOT > should Nested Test 5 1`] = `1`;

exports[`filter with OR,AND,NOT > should Nested Test 6 1`] = `88`;

exports[`filter with OR,AND,NOT > should Nested Test 7 1`] = `57`;

exports[`filter with OR,AND,NOT > should Nested Test 8 1`] = `44`;

exports[`filter with OR,AND,NOT > should Nested Test 9 1`] = `54`;

exports[`filter with OR,AND,NOT > should Nested Test 10 1`] = `54`;

exports[`filter with OR,AND,NOT > should Simple Test 1 (AND) 1`] = `2`;

exports[`filter with OR,AND,NOT > should Simple Test 2 (OR) 1`] = `3`;

exports[`filter with OR,AND,NOT > should Simple Test 3 (NOT) 1`] = `57`;

exports[`filter with OR,AND,NOT > should Simple Test 4 (Grouping) 1`] = `57`;

exports[`filter with OR,AND,NOT > should Simple Test 5 (Negation) 1`] = `98`;

exports[`filter with OR,AND,NOT > should Simple Test 6 (AND, OR) 1`] = `2`;

exports[`filter with OR,AND,NOT > should Simple Test 7 (NOT, Grouping) 1`] = `55`;

exports[`filter with OR,AND,NOT > should Simple Test 8 (Negation, Grouping) 1`] = `100`;

exports[`filter with OR,AND,NOT > should Simple Test 9 (AND, Negation) 1`] = `44`;

exports[`filter with OR,AND,NOT > should Simple Test 10 (OR, Negation) 1`] = `99`;

exports[`filter with Ranges > should Complex Range Test 1 1`] = `31`;

exports[`filter with Ranges > should Simple Range Test 1 1`] = `31`;

exports[`filter with Ranges > should Simple Range Test 2 1`] = `78`;

exports[`filter with Ranges > should Simple Range Test 3 1`] = `30`;

exports[`filter with Regex > should Escaped Regex Test 1 1`] = `60`;

exports[`filter with Regex > should Escaped Regex Test 2 1`] = `1`;

exports[`filter with Regex > should Nested Regex Test 1 1`] = `12`;

exports[`filter with Regex > should Nested Regex Test 2 1`] = `1`;

exports[`filter with Regex > should Simple Test 1 with Regex 1`] = `2`;

exports[`filter with Regex > should Simple Test 2 with Regex flags 1`] = `1`;

exports[`filter with Wildcard > should Complex Wildcard Field Test 1 1`] = `1`;

exports[`filter with Wildcard > should Complex Wildcard Field Test 2 1`] = `1`;

exports[`filter with Wildcard > should Complex Wildcard Field Test 3 1`] = `1`;

exports[`filter with Wildcard > should Simple Wildcard Field Test 1 1`] = `12`;

exports[`filter with Wildcard > should Simple Wildcard Field Test 2 1`] = `1`;

exports[`filter with Wildcard > should Simple Wildcard Field Test 3 1`] = `1`;

exports[`filter with field groups > should Complex Grouping Test 1 1`] = `0`;

exports[`filter with field groups > should Complex Grouping Test 2 1`] = `14`;

exports[`filter with field groups > should Complex Grouping Test 3 1`] = `1`;

exports[`filter with field groups > should Complex Grouping Test 4 1`] = `4`;

exports[`filter with field groups > should Multi Field Test 1 and AND 1`] = `88`;

exports[`filter with field groups > should Multi Field Test 2 and OR 1`] = `1`;

exports[`filter with field groups > should Nested Grouping Test 1 1`] = `2`;

exports[`filter with field groups > should Nested Grouping Test 2 1`] = `7`;

exports[`filter with field groups > should Simple Test 1 1`] = `88`;

exports[`filter with field groups > should Simple Test 2 and OR 1`] = `2`;

exports[`filter with functions > should Simple Function Test 1 1`] = `21`;

exports[`filter with functions > should Simple Function Test 2 2`] = `21`;

exports[`filter with functions > should Simple Function Test 3 2`] = `0`;

exports[`filter with variables > should Complex Global Variable Test 1 1`] = `23`;

exports[`filter with variables > should Simple Global Variable Test 1 1`] = `2`;

exports[`filter with variables > should Simple Global Variable Test 2 1`] = `0`;

exports[`filter with variables > should Simple Global Variable Test 3 1`] = `3`;

exports[`filter with variables > should Simple Global Variable Test 4 1`] = `20`;

exports[`filter with variables > should Simple Global Variable Test 5 1`] = `21`;
